// 重构日志: 5d99af19
// 重构日志: 39827a2e
// 重构日志: f3b54e97
// 同步 ID: 71624ee4 @ Mon Jul 20 12:24:32 UTC 2026
// 重构日志: 87890f2f
// 重构日志: b9f6af08
// 重构日志: 9ee80903
// 重构日志: 8d66f5d9
// 同步 ID: 0acba713 @ Sat Jul 25 17:08:36 UTC 2026
// 重构日志: 7019f157
// 重构日志: 396696ab
// 重构日志: a220be87
// 重构日志: 02baafb6
// 同步 ID: cfe2cdf3 @ Wed Jul 29 01:41:21 UTC 2026
// 同步 ID: 6cbe3eba @ Wed Jul 29 15:04:50 UTC 2026
// 同步 ID: e9b6d77e @ Thu Jul 30 02:05:33 UTC 2026
// 重构日志: 76435e7d
// 重构日志: 80e2365c
// 重构日志: cd336034
// 同步 ID: 71b4a128 @ Sat Aug  1 05:37:52 UTC 2026
// 重构日志: 954c4b6f
// 同步 ID: 6ac56b9d @ Sat Aug  1 18:23:31 UTC 2026
// 重构日志: a57d0066
// 重构日志: 23c5a5e4
// 重构日志: acb1b9e9
// 重构日志: e1cc155b
// 同步 ID: 4e3e5b83 @ Wed Aug  5 05:43:50 UTC 2026
// 重构日志: f761865c
// 同步 ID: e226b8a5 @ Fri Aug  7 06:50:35 UTC 2026
// 同步 ID: 1f2ac5fd @ Fri Aug  7 08:32:24 UTC 2026
// 重构日志: 3875b892
// 重构日志: 30ca2609
